[backblue.gif]
[fade.gif]
[index.html]
[swiftedutravels.com/comments/feed/index.html]
[swiftedutravels.com/feed/index.html]
[swiftedutravels.com/wp-content/plugins/elementor/assets/lib/eicons/fonts/eicons0b93.eot]
[swiftedutravels.com/wp-includes/js/jquery/jquery.minaf6c.js]
[swiftedutravels.com/wp-includes/js/jquery/jquery-migrate.mind617.js]
[swiftedutravels.com/wp-content/plugins/chaty/js/cht-front-script.min37d2.js]
[swiftedutravels.com/wp-content/plugins/bookly-responsive-appointment-booking-tool/frontend/resources/js/spin.min09fa.js]
[swiftedutravels.com/wp-content/plugins/bookly-responsive-appointment-booking-tool/frontend/resources/js/ladda.min09fa.js]
[swiftedutravels.com/wp-content/plugins/bookly-responsive-appointment-booking-tool/frontend/resources/js/hammer.min09fa.js]
[swiftedutravels.com/wp-content/plugins/bookly-responsive-appointment-booking-tool/frontend/resources/js/jquery.hammer.min09fa.js]
[swiftedutravels.com/wp-content/plugins/bookly-responsive-appointment-booking-tool/frontend/resources/js/picker09fa.js]
[swiftedutravels.com/wp-content/plugins/bookly-responsive-appointment-booking-tool/frontend/resources/js/picker.date09fa.js]
[swiftedutravels.com/wp-content/plugins/bookly-responsive-appointment-booking-tool/frontend/resources/js/bookly.min09fa.js]
[swiftedutravels.com/wp-content/plugins/bookly-responsive-appointment-booking-tool/frontend/resources/js/intlTelInput.min09fa.js]
[swiftedutravels.com/wp-json/index.html]
[swiftedutravels.com/wp-json/wp/v2/pages/1167.json]
[swiftedutravels.com/xmlrpc0db0.php]
[swiftedutravels.com/wp-includes/wlwmanifest.xml]
[swiftedutravels.com/wp-json/oembed/1.0/embed85f2.json]
[swiftedutravels.com/wp-json/oembed/1.0/embedf211]
[swiftedutravels.com/wp-content/uploads/2022/06/SWIFTEDU-LOGO-ICON-100x100.png]
[cdn.popt.in/pixeleb19.js]
[swiftedutravels.com/wp-content/uploads/2022/06/SWIFTEDU-LOGO-ICON.png]
[swiftedutravels.com/wp-content/uploads/2021/08/Swift-LogoPNG.png]
[swiftedutravels.com/wp-content/uploads/2022/06/pexels-godisable-jacob-901964-1536x1024.jpg]
[swiftedutravels.com/wp-content/uploads/2022/06/pexels-mikhail-nilov-9158712-1024x1536.jpg]
[swiftedutravels.com/wp-content/uploads/2022/06/IMG_0471-copy-768x512-removebg-preview.30.delayed]
[swiftedutravels.com/wp-content/uploads/2022/10/WhatsApp-Image-2022-10-21-at-2.15.44-PM-1024x1024.jpg]
[swiftedutravels.com/wp-content/uploads/2021/09/eric_o-scaled.jpg]
[swiftedutravels.com/wp-content/uploads/elementor/thumbs/WhatsApp-Image-2022-06-09-at-12.51.33-PM-pq2dv2dga069hwjk9nhdvqs1lqakvt6pio22b97pnc.jpg]
[swiftedutravels.com/wp-content/uploads/elementor/thumbs/WhatsApp-Image-2022-06-09-at-12.51.36-PM-pq2etmvrmnhwhmbuelffl0qc3vwjz2fblrsxplygt4.jpg]
[swiftedutravels.com/wp-content/uploads/elementor/thumbs/WhatsApp-Image-2022-06-09-at-12.51.35-PM-pq2es2hg8lcp50lrjx1tfeyogrmj587fe0nsx0a36g.jpg]
[swiftedutravels.com/wp-content/themes/edubin/assets/js/skip-link-focus-fix2180.js]
[swiftedutravels.com/wp-content/themes/edubin/assets/js/global2180.js]
[swiftedutravels.com/wp-content/themes/edubin/assets/js/jquery.scrollTo431f.js]
[swiftedutravels.com/wp-content/themes/edubin/assets/js/owl531b.js]
[swiftedutravels.com/wp-content/plugins/edubin-core/assets/js/youtube-popup.js]
[swiftedutravels.com/wp-content/plugins/edubin-core/assets/js/bootstrap.min2180.js]
[swiftedutravels.com/wp-content/themes/edubin/assets/js/edubin-theme2180.js]
[swiftedutravels.com/wp-includes/js/wp-embed.min6281.js]
[swiftedutravels.com/wp-content/plugins/edubin-core/assets/js/edubin-widgets-active2180.js]
[swiftedutravels.com/wp-content/plugins/edubin-core/assets/js/slick.min2180.js]
[swiftedutravels.com/wp-content/plugins/elementor/assets/js/webpack.runtime.minccfb.js]
[swiftedutravels.com/wp-content/plugins/elementor/assets/js/frontend-modules.minccfb.js]
[swiftedutravels.com/wp-content/plugins/elementor/assets/lib/waypoints/waypoints.min05da.js]
[swiftedutravels.com/wp-includes/js/jquery/ui/core.min35d0.js]
[swiftedutravels.com/wp-content/plugins/elementor/assets/lib/swiper/swiper.min48f5.js]
[swiftedutravels.com/wp-content/plugins/elementor/assets/lib/share-link/share-link.minccfb.js]
[swiftedutravels.com/wp-content/plugins/elementor/assets/lib/dialog/dialog.mina288.js]
[swiftedutravels.com/wp-content/plugins/elementor/assets/js/frontend.minccfb.js]
[swiftedutravels.com/wp-content/plugins/elementor/assets/js/preloaded-modules.minccfb.js]
[swiftedutravels.com/wp-includes/js/underscore.min0028.js]
[swiftedutravels.com/wp-includes/js/wp-util.min6281.js]
[swiftedutravels.com/wp-content/plugins/wpforms-lite/assets/js/integrations/elementor/frontend.minedf0.js]
[swiftedutravels.com/index.html]
[swiftedutravels.com/xmlrpc.php]
[swiftedutravels.com/wp-includes/css/dist/block-library/style.min6281.css]
[swiftedutravels.com/wp-content/plugins/chaty/images/whatsapp.png]
[swiftedutravels.com/wp-content/plugins/chaty/images/header-top.png]
[swiftedutravels.com/wp-content/plugins/chaty/images/header-bottom.png]
[swiftedutravels.com/wp-content/plugins/chaty/css/chaty-front.min37d2.css]
[swiftedutravels.com/wp-content/plugins/edubin-core/assets/img/close.png]
[swiftedutravels.com/wp-content/plugins/edubin-core/assets/css/edubin-widgets2779.css]
[swiftedutravels.com/wp-content/plugins/bookly-responsive-appointment-booking-tool/frontend/resources/css/ladda.min09fa.css]
[swiftedutravels.com/wp-content/plugins/bookly-responsive-appointment-booking-tool/frontend/resources/css/picker.classic09fa.css]
[swiftedutravels.com/wp-content/plugins/bookly-responsive-appointment-booking-tool/frontend/resources/css/picker.classic.date09fa.css]
[swiftedutravels.com/wp-content/plugins/bookly-responsive-appointment-booking-tool/frontend/resources/css/intlTelInput09fa.css]
[swiftedutravels.com/wp-content/plugins/bookly-responsive-appointment-booking-tool/frontend/resources/images/square-24.png]
[swiftedutravels.com/wp-content/plugins/bookly-responsive-appointment-booking-tool/frontend/resources/images/checkbox-16.png]
[swiftedutravels.com/wp-content/plugins/bookly-responsive-appointment-booking-tool/frontend/resources/images/x-24.png]
[swiftedutravels.com/wp-content/plugins/bookly-responsive-appointment-booking-tool/frontend/resources/images/checkbox.png]
[swiftedutravels.com/wp-content/plugins/bookly-responsive-appointment-booking-tool/frontend/resources/images/success.png]
[swiftedutravels.com/wp-content/plugins/bookly-responsive-appointment-booking-tool/frontend/resources/images/redo-16.png]
[swiftedutravels.com/wp-content/plugins/bookly-responsive-appointment-booking-tool/frontend/resources/images/exclamation-16.png]
[swiftedutravels.com/wp-content/plugins/bookly-responsive-appointment-booking-tool/frontend/resources/images/info-16.png]
[swiftedutravels.com/wp-content/plugins/bookly-responsive-appointment-booking-tool/frontend/resources/images/edit-16.png]
[swiftedutravels.com/wp-content/plugins/bookly-responsive-appointment-booking-tool/frontend/resources/images/plus-16.png]
[swiftedutravels.com/wp-content/plugins/bookly-responsive-appointment-booking-tool/frontend/resources/images/minus-16.png]
[swiftedutravels.com/wp-content/plugins/bookly-responsive-appointment-booking-tool/frontend/resources/images/delete-16.png]
[swiftedutravels.com/wp-content/plugins/bookly-responsive-appointment-booking-tool/frontend/resources/images/check-16.png]
[swiftedutravels.com/wp-content/plugins/bookly-responsive-appointment-booking-tool/frontend/resources/images/user-16.png]
[swiftedutravels.com/wp-content/plugins/bookly-responsive-appointment-booking-tool/backend/resources/images/ajax_loader_32x32.gif]
[swiftedutravels.com/wp-content/plugins/bookly-responsive-appointment-booking-tool/frontend/resources/images/flags.png]
[swiftedutravels.com/wp-content/plugins/bookly-responsive-appointment-booking-tool/frontend/resources/images/flags@2x.png]
[swiftedutravels.com/wp-content/plugins/bookly-responsive-appointment-booking-tool/frontend/resources/css/bookly-main09fa.css]
[swiftedutravels.com/wp-content/themes/edubin/style6281.css]
[swiftedutravels.com/wp-content/themes/edubin/assets/css/blocks2180.css]
[swiftedutravels.com/wp-content/plugins/edubin-core/assets/css/bootstrap.min2180.css]
[swiftedutravels.com/wp-content/themes/edubin/assets/fonts/fa-regular-400.eot]
[swiftedutravels.com/wp-content/themes/edubin/assets/fonts/fa-regular-400d41d.eot]
[swiftedutravels.com/wp-content/themes/edubin/assets/fonts/fa-regular-400.woff2]
[swiftedutravels.com/wp-content/themes/edubin/assets/fonts/fa-regular-400.woff]
[swiftedutravels.com/wp-content/themes/edubin/assets/fonts/fa-regular-400.ttf]
[swiftedutravels.com/wp-content/themes/edubin/assets/fonts/fa-solid-900.eot]
[swiftedutravels.com/wp-content/themes/edubin/assets/fonts/fa-solid-900d41d.eot]
[swiftedutravels.com/wp-content/themes/edubin/assets/fonts/fa-solid-900.woff2]
[swiftedutravels.com/wp-content/themes/edubin/assets/fonts/fa-solid-900.woff]
[swiftedutravels.com/wp-content/themes/edubin/assets/fonts/fa-solid-900.ttf]
[swiftedutravels.com/wp-content/themes/edubin/assets/fonts/fa-brands-400.eot]
[swiftedutravels.com/wp-content/themes/edubin/assets/fonts/fa-brands-400d41d.eot]
[swiftedutravels.com/wp-content/themes/edubin/assets/fonts/fa-brands-400.woff2]
[swiftedutravels.com/wp-content/themes/edubin/assets/fonts/fa-brands-400.woff]
[swiftedutravels.com/wp-content/themes/edubin/assets/fonts/fa-brands-400.ttf]
[swiftedutravels.com/wp-content/themes/edubin/assets/css/fontawesome.min6281.css]
[swiftedutravels.com/wp-content/themes/edubin/assets/fonts/flaticon0e51.ttf]
[swiftedutravels.com/wp-content/themes/edubin/assets/fonts/flaticon0e51.woff]
[swiftedutravels.com/wp-content/themes/edubin/assets/fonts/flaticon0e51.woff2]
[swiftedutravels.com/wp-content/themes/edubin/assets/fonts/flaticon0e51.eot]
[swiftedutravels.com/wp-content/themes/edubin/assets/fonts/flaticon6281.css]
[swiftedutravels.com/wp-content/themes/edubin/assets/css/owl.carousel.min6281.css]
[swiftedutravels.com/wp-content/plugins/edubin-core/assets/css/animate2180.css]
[swiftedutravels.com/wp-content/themes/edubin/assets/css/wpforms2180.css]
[swiftedutravels.com/wp-content/themes/edubin/assets/css/style2180.css]
[swiftedutravels.com/wp-content/plugins/elementor/assets/lib/eicons/fonts/eicons02d6.eot]
[swiftedutravels.com/wp-content/plugins/elementor/assets/lib/eicons/fonts/eicons02d6.woff2]
[swiftedutravels.com/wp-content/plugins/elementor/assets/lib/eicons/fonts/eicons02d6.woff]
[swiftedutravels.com/wp-content/plugins/elementor/assets/lib/eicons/fonts/eicons02d6.ttf]
[swiftedutravels.com/wp-content/plugins/elementor/assets/lib/eicons/css/elementor-icons.minb683.css]
[swiftedutravels.com/wp-content/plugins/elementor/assets/css/frontend.minccfb.css]
[swiftedutravels.com/wp-content/uploads/elementor/css/post-7353f.css]
[swiftedutravels.com/wp-content/plugins/edubin-core/assets/img/ajax-loader.gif]
[swiftedutravels.com/wp-content/plugins/edubin-core/assets/fonts/slick.eot]
[swiftedutravels.com/wp-content/plugins/edubin-core/assets/fonts/slickd41d.eot]
[swiftedutravels.com/wp-content/plugins/edubin-core/assets/fonts/slick.woff]
[swiftedutravels.com/wp-content/plugins/edubin-core/assets/fonts/slick.ttf]
[swiftedutravels.com/wp-content/plugins/edubin-core/assets/css/slick.min2180.css]
[swiftedutravels.com/wp-content/uploads/elementor/css/globaldd85.css]
[swiftedutravels.com/wp-content/uploads/elementor/css/post-1167b1cc.css]
[swiftedutravels.com/wp-json/wp/v2/pages/928.json]
[swiftedutravels.com/wp-json/oembed/1.0/embeddfc5.json]
[swiftedutravels.com/wp-json/oembed/1.0/embedb361]
[swiftedutravels.com/wp-content/uploads/2021/09/IMG_0445-copy-1024x683.jpg]
[swiftedutravels.com/wp-content/uploads/2019/06/arroe-shape.png]
[swiftedutravels.com/wp-content/uploads/2019/06/round-shape.png]
[swiftedutravels.com/wp-content/uploads/2022/02/fd77d5ea-5d18-4a08-9df7-48d32e1281a6-1024x1024.jpg]
[swiftedutravels.com/wp-content/uploads/2022/02/kosiso.jpg]
[swiftedutravels.com/wp-content/uploads/2021/09/IMG_0471-copy-1024x683.jpg]
[swiftedutravels.com/wp-content/uploads/2021/09/Uni-new-hampshire.png]
[swiftedutravels.com/wp-content/uploads/2021/09/umass-boston.png]
[swiftedutravels.com/wp-content/uploads/2021/09/swansea.png]
[swiftedutravels.com/wp-content/uploads/2021/09/sfu.png]
[swiftedutravels.com/wp-content/uploads/2021/09/NC-Canada.png]
[swiftedutravels.com/wp-content/uploads/2021/09/manitoba.png]
[swiftedutravels.com/wp-content/uploads/2021/09/lsmu.png]
[swiftedutravels.com/wp-content/uploads/2021/09/la-trobe.png]
[swiftedutravels.com/wp-content/uploads/2021/09/icm-manitoba.png]
[swiftedutravels.com/wp-content/uploads/2021/09/cric.png]
[swiftedutravels.com/wp-content/uploads/2021/09/curtin-college.png]
[swiftedutravels.com/wp-content/uploads/2021/09/deakin.png]
[swiftedutravels.com/wp-content/uploads/2021/09/csmu.png]
[swiftedutravels.com/wp-content/plugins/elementor/assets/lib/jquery-numerator/jquery-numerator.min3958.js]
[swiftedutravels.com/about-us/index.html]
[swiftedutravels.com/wp-json/wp/v2/pages/6947.json]
[swiftedutravels.com/wp-json/oembed/1.0/embedc925.json]
[swiftedutravels.com/wp-json/oembed/1.0/embed4e2f]
[swiftedutravels.com/wp-content/uploads/2022/02/airport-gf4fbb9102_1920-300x200.jpg]
[swiftedutravels.com/flight-ticketing/index.html]
[swiftedutravels.com/wp-json/wp/v2/pages/6938.json]
[swiftedutravels.com/wp-json/oembed/1.0/embed9645.json]
[swiftedutravels.com/wp-json/oembed/1.0/embed0dbb]
[swiftedutravels.com/wp-content/uploads/2022/02/santorini-ge3913ccc9_1920-768x512.jpg]
[swiftedutravels.com/travel-and-tours/index.html]
[swiftedutravels.com/wp-json/wp/v2/pages/6935.json]
[swiftedutravels.com/wp-json/oembed/1.0/embed5014.json]
[swiftedutravels.com/wp-json/oembed/1.0/embed9e89]
[swiftedutravels.com/career-counseling/index.html]
[swiftedutravels.com/wp-json/wp/v2/pages/6917.json]
[swiftedutravels.com/wp-json/oembed/1.0/embed9ba8.json]
[swiftedutravels.com/wp-json/oembed/1.0/embedf0f5]
[swiftedutravels.com/wp-content/uploads/2021/05/BL1005-768x512.jpg]
[swiftedutravels.com/overseas-students-recruitment/index.html]
[swiftedutravels.com/wp-json/wp/v2/pages/6911.json]
[swiftedutravels.com/wp-json/oembed/1.0/embed4356.json]
[swiftedutravels.com/wp-json/oembed/1.0/embed99ce]
[swiftedutravels.com/exam-preparation/index.html]
[swiftedutravels.com/wp-json/wp/v2/pages/6895.json]
[swiftedutravels.com/wp-json/oembed/1.0/embedc618.json]
[swiftedutravels.com/wp-json/oembed/1.0/embedd02c]
[swiftedutravels.com/wp-content/uploads/2021/09/e4d7979c0bb36b97a68dfaa9a75f4846.jpg]
[swiftedutravels.com/visa-assistance-services/index.html]
[swiftedutravels.com/wp-json/wp/v2/pages/620.json]
[swiftedutravels.com/wp-json/oembed/1.0/embed6cda.json]
[swiftedutravels.com/wp-json/oembed/1.0/embed6761]
[thepixelcurve.com/wp/edubin/wp-content/uploads/2019/03/ev1.jpg]
[swiftedutravels.com/event/index.html]
[swiftedutravels.com/blog/index.html]
[swiftedutravels.com/wp-json/wp/v2/pages/825.json]
[swiftedutravels.com/wp-json/oembed/1.0/embed0328.json]
[swiftedutravels.com/wp-json/oembed/1.0/embed3f47]
[swiftedutravels.com/wp-content/plugins/wpforms-lite/assets/js/jquery.validate.minb3a6.js]
[swiftedutravels.com/wp-content/plugins/wpforms-lite/assets/js/mailcheck.mincfa9.js]
[swiftedutravels.com/wp-content/plugins/wpforms-lite/assets/js/wpformsedf0.js]
[swiftedutravels.com/contact/index.html]
[swiftedutravels.com/travel-form/feed/index.html]
[swiftedutravels.com/wp-json/wp/v2/posts/7387.json]
[swiftedutravels.com/wp-json/oembed/1.0/embedabee.json]
[swiftedutravels.com/wp-json/oembed/1.0/embedc353]
[swiftedutravels.com/wp-includes/js/comment-reply.min6281.js]
[swiftedutravels.com/travel-form/index.html]
[swiftedutravels.com/wp-json/wp/v2/pages/6904.json]
[swiftedutravels.com/wp-json/oembed/1.0/embede7c8.json]
[swiftedutravels.com/wp-json/oembed/1.0/embed776f]
[swiftedutravels.com/wp-includes/js/tinymce/skins/lightgray/img/loader.gif]
[swiftedutravels.com/appointment-booking/index.html]
[swiftedutravels.com/wp-content/plugins/elementor/assets/lib/animations/animations.minccfb.css]
[swiftedutravels.com/wp-content/plugins/bookly-responsive-appointment-booking-tool/frontend/resources/img/flags.html]
[swiftedutravels.com/wp-content/plugins/bookly-responsive-appointment-booking-tool/frontend/resources/img/flags@2x.html]
[swiftedutravels.com/wp-content/themes/edubin/assets/fonts/fa-regular-400.svg]
[swiftedutravels.com/wp-content/themes/edubin/assets/fonts/fa-solid-900.svg]
[swiftedutravels.com/wp-content/themes/edubin/assets/fonts/fa-brands-400.svg]
[swiftedutravels.com/wp-content/themes/edubin/assets/fonts/flaticon0e51.svg]
[swiftedutravels.com/wp-content/themes/edubin/assets/css/owl.video.play.html]
[swiftedutravels.com/wp-content/plugins/elementor/assets/lib/eicons/fonts/eicons02d6.svg]
[swiftedutravels.com/wp-content/plugins/edubin-core/assets/fonts/slick.svg]
[swiftedutravels.com/wp-content/plugins/edubin-core/assets/css/edubin-widgets43f9.css]
[thepixelcurve.com/wp/edubin/wp-content/uploads/2019/06/dot-shape-bg.png]
[thepixelcurve.com/wp/edubin/wp-content/uploads/2019/05/course-shape.png]
[swiftedutravels.com/wp-content/uploads/elementor/css/post-9283b2f.css]
[swiftedutravels.com/indexf065.html]
[swiftedutravels.com/wp-json/wp/v2/pages/851.json]
[swiftedutravels.com/wp-json/oembed/1.0/embed50d9.json]
[swiftedutravels.com/wp-json/oembed/1.0/embedba07]
[swiftedutravels.com/wp-content/uploads/2022/02/b44827a8-674a-43ea-948e-e41d0d5e5d70-683x1024.jpg]
[swiftedutravels.com/wp-content/uploads/2022/02/5a69bd96-fffc-4ec1-a8a4-d9c2d224fa58.jpg]
[swiftedutravels.com/wp-content/uploads/2022/02/00dd3623-5047-4dec-99ee-9227985dd429.jpg]
[swiftedutravels.com/our-team/index.html]
[swiftedutravels.com/wp-json/wp/v2/pages/7245.json]
[swiftedutravels.com/wp-json/oembed/1.0/embed36e4.json]
[swiftedutravels.com/wp-json/oembed/1.0/embed58b5]
[swiftedutravels.com/our-team/nnamdi-eric-onuh/index.html]
[swiftedutravels.com/wp-json/wp/v2/pages/7261.json]
[swiftedutravels.com/wp-json/oembed/1.0/embed3768.json]
[swiftedutravels.com/wp-json/oembed/1.0/embedb878]
[swiftedutravels.com/our-team/kosiso-jennifer-o/index.html]
[swiftedutravels.com/wp-json/wp/v2/pages/7273.json]
[swiftedutravels.com/wp-json/oembed/1.0/embedf8b3.json]
[swiftedutravels.com/wp-json/oembed/1.0/embed2ac5]
[swiftedutravels.com/our-team/egbe-emmanuel-friday/index.html]
[swiftedutravels.com/wp-content/plugins/edubin-core/assets/css/edubin-widgetsecb7.css]
[swiftedutravels.com/index443e.html]
[swiftedutravels.com/wp-content/plugins/edubin-core/assets/css/edubin-widgetsf02a.css]
[swiftedutravels.com/indexcb88.html]
[swiftedutravels.com/wp-content/plugins/edubin-core/assets/css/edubin-widgets5d08.css]
[swiftedutravels.com/index9cb5.html]
[swiftedutravels.com/wp-content/plugins/edubin-core/assets/css/edubin-widgets4712.css]
[swiftedutravels.com/index3f20.html]
[swiftedutravels.com/wp-content/plugins/edubin-core/assets/css/edubin-widgets2b4c.css]
[swiftedutravels.com/index894a.html]
[swiftedutravels.com/wp-content/plugins/edubin-core/assets/css/edubin-widgets4b1f.css]
[swiftedutravels.com/index8ac3.html]
[swiftedutravels.com/wp-content/plugins/edubin-core/assets/css/edubin-widgets0bda.css]
[swiftedutravels.com/index2c3d.html]
[swiftedutravels.com/wp-content/plugins/edubin-core/assets/css/edubin-widgets0928.css]
[swiftedutravels.com/2022/06/14/index.html]
[swiftedutravels.com/wp-json/wp/v2/users/1.json]
[swiftedutravels.com/author/swift001/index.html]
[swiftedutravels.com/author/swift001/feed/index.html]
[swiftedutravels.com/category/uncategorized/feed/index.html]
[swiftedutravels.com/wp-json/wp/v2/categories/1.json]
[swiftedutravels.com/category/uncategorized/index.html]
[swiftedutravels.com/wp-content/plugins/edubin-core/assets/css/edubin-widgetscf30.css]
[swiftedutravels.com/wp-content/uploads/elementor/css/post-8251594.css]
[swiftedutravels.com/wp-content/plugins/elementor/assets/lib/font-awesome/css/fontawesome.min52d5.css]
[swiftedutravels.com/wp-content/plugins/elementor/assets/lib/font-awesome/webfonts/fa-solid-900.eot]
[swiftedutravels.com/wp-content/plugins/elementor/assets/lib/font-awesome/webfonts/fa-solid-900d41d.eot]
[swiftedutravels.com/wp-content/plugins/elementor/assets/lib/font-awesome/webfonts/fa-solid-900.woff2]
[swiftedutravels.com/wp-content/plugins/elementor/assets/lib/font-awesome/webfonts/fa-solid-900.woff]
[swiftedutravels.com/wp-content/plugins/elementor/assets/lib/font-awesome/webfonts/fa-solid-900.ttf]
[swiftedutravels.com/wp-content/plugins/elementor/assets/lib/font-awesome/css/solid.min52d5.css]
[swiftedutravels.com/wp-content/plugins/elementor/assets/lib/font-awesome/webfonts/fa-regular-400.eot]
[swiftedutravels.com/wp-content/plugins/elementor/assets/lib/font-awesome/webfonts/fa-regular-400d41d.eot]
[swiftedutravels.com/wp-content/plugins/elementor/assets/lib/font-awesome/webfonts/fa-regular-400.woff2]
[swiftedutravels.com/wp-content/plugins/elementor/assets/lib/font-awesome/webfonts/fa-regular-400.woff]
[swiftedutravels.com/wp-content/plugins/elementor/assets/lib/font-awesome/webfonts/fa-regular-400.ttf]
[swiftedutravels.com/wp-content/plugins/elementor/assets/lib/font-awesome/css/regular.min52d5.css]
[swiftedutravels.com/indexee96.html]
[swiftedutravels.com/wp-content/plugins/wpforms-lite/assets/images/submit-spin.svg]
[swiftedutravels.com/wp-content/plugins/wpforms-lite/assets/css/wpforms-full.minedf0.css]
[swiftedutravels.com/wp-content/plugins/edubin-core/assets/css/edubin-widgetsb449.css]
[swiftedutravels.com/index1c5d.html]
[swiftedutravels.com/wp-content/plugins/edubin-core/assets/css/edubin-widgetsb02b.css]
[swiftedutravels.com/index0377.html]
[swiftedutravel.com/wp-content/uploads/2021/08/Swift-LogoPNG.png]
[swiftedutravels.com/wp-content/plugins/edubin-core/assets/css/edubin-widgets78dd.css]
[swiftedutravels.com/wp-content/uploads/elementor/css/post-8514f74.css]
[swiftedutravels.com/index905a.html]
[swiftedutravels.com/wp-json/wp/v2/pages/7281.json]
[swiftedutravels.com/wp-json/oembed/1.0/embedde9c.json]
[swiftedutravels.com/wp-json/oembed/1.0/embed6da8]
[swiftedutravels.com/our-team/neji-harrison-chinenye/index.html]
[swiftedutravels.com/wp-json/wp/v2/pages/7282.json]
[swiftedutravels.com/wp-json/oembed/1.0/embed4bbb.json]
[swiftedutravels.com/wp-json/oembed/1.0/embed940b]
[swiftedutravels.com/our-team/samuel-onwuzurumba/index.html]
[swiftedutravels.com/wp-json/wp/v2/pages/7283.json]
[swiftedutravels.com/wp-json/oembed/1.0/embed223b.json]
[swiftedutravels.com/wp-json/oembed/1.0/embed49b5]
[swiftedutravels.com/our-team/okonkwo-lawrence-ifeanacho/index.html]
[swiftedutravels.com/wp-content/plugins/edubin-core/assets/css/edubin-widgets9371.css]
[swiftedutravels.com/wp-content/uploads/elementor/css/post-7245f3f4.css]
[swiftedutravels.com/wp-content/plugins/elementor/assets/lib/font-awesome/webfonts/fa-brands-400.eot]
[swiftedutravels.com/wp-content/plugins/elementor/assets/lib/font-awesome/webfonts/fa-brands-400d41d.eot]
[swiftedutravels.com/wp-content/plugins/elementor/assets/lib/font-awesome/webfonts/fa-brands-400.woff2]
[swiftedutravels.com/wp-content/plugins/elementor/assets/lib/font-awesome/webfonts/fa-brands-400.woff]
[swiftedutravels.com/wp-content/plugins/elementor/assets/lib/font-awesome/webfonts/fa-brands-400.ttf]
[swiftedutravels.com/wp-content/plugins/elementor/assets/lib/font-awesome/css/brands.min52d5.css]
[swiftedutravels.com/index6220.html]
[swiftedutravels.com/wp-content/plugins/edubin-core/assets/css/edubin-widgetsffa3.css]
[swiftedutravels.com/wp-content/uploads/elementor/css/post-72614cc7.css]
[swiftedutravels.com/indexf60c.html]
[swiftedutravels.com/wp-content/plugins/edubin-core/assets/css/edubin-widgetsca67.css]
[swiftedutravels.com/wp-content/uploads/elementor/css/post-7273804c.css]
[swiftedutravels.com/index8e37.html]
[swiftedutravels.com/wp-content/plugins/edubin-core/assets/css/edubin-widgetsfe0d.css]
[swiftedutravels.com/2022/index.html]
[swiftedutravels.com/2022/06/index.html]
[swiftedutravels.com/wp-content/plugins/edubin-core/assets/css/edubin-widgets8a22.css]
[swiftedutravels.com/wp-content/plugins/edubin-core/assets/css/edubin-widgets6fe5.css]
[swiftedutravels.com/wp-content/plugins/elementor/assets/lib/font-awesome/webfonts/fa-solid-900.svg]
[swiftedutravels.com/wp-content/plugins/elementor/assets/lib/font-awesome/webfonts/fa-regular-400.svg]
[swiftedutravels.com/wp-content/plugins/wpforms-lite/assets/images/times-solid-white.svg]
[swiftedutravel.com/wp-content/uploads/2022/06/IMG_0471-copy-768x512-removebg-preview.png]
[swiftedutravel.com/wp-content/uploads/2021/09/image00065.jpeg]
[swiftedutravel.com/wp-content/uploads/2021/09/cropped-image00065.jpeg]
[swiftedutravels.com/wp-content/plugins/edubin-core/assets/css/edubin-widgetsd02d.css]
[swiftedutravels.com/wp-content/uploads/elementor/css/post-72813a4f.css]
[swiftedutravels.com/index1c34.html]
[swiftedutravels.com/wp-content/plugins/edubin-core/assets/css/edubin-widgets949a.css]
[swiftedutravels.com/wp-content/uploads/elementor/css/post-7282e23e.css]
[swiftedutravels.com/indexc740.html]
[swiftedutravels.com/wp-content/plugins/edubin-core/assets/css/edubin-widgetsb72e.css]
[swiftedutravels.com/wp-content/uploads/elementor/css/post-7283e531.css]
[swiftedutravels.com/index1866.html]
[swiftedutravels.com/wp-content/plugins/elementor/assets/lib/font-awesome/webfonts/fa-brands-400.svg]
[swiftedutravels.com/wp-content/plugins/edubin-core/assets/css/edubin-widgetsf0d1.css]
[swiftedutravels.com/wp-content/plugins/edubin-core/assets/css/edubin-widgets9f64.css]
